completed lambda -3/4 parent_n 400 reps 20
completed lambda -3/4 parent_n 1600 reps 20
completed lambda 0 parent_n 400 reps 20
completed lambda 0 parent_n 1600 reps 20
completed lambda 3/4 parent_n 400 reps 20
completed lambda 3/4 parent_n 1600 reps 20
{
  "stage": "22A",
  "scope": "continuous-parent sampling, observed-law check, confidence membership; projection separate",
  "software": {
    "python": "3.13.5",
    "numpy": "2.3.5"
  },
  "parent_n_options": [
    400,
    1600
  ],
  "replicates": 20,
  "total_trials": 120,
  "full_cells": 35,
  "observation_classes": 9,
  "target_classes": 11,
  "records_per_layer": [
    5,
    5,
    8
  ],
  "checks": {
    "record_comparisons": 2880,
    "hidden_value_invariance": 120,
    "exact_probability_checks": 54,
    "split_disjointness": 120
  },
  "truths": [
    {
      "lambda": "-3/4",
      "true_q": [
        "169/256",
        "169/256",
        "51/64"
      ],
      "true_D": [
        "87/256",
        "87/256",
        "13/64"
      ],
      "true_S": [
        "549/1024",
        "1785/4096",
        "13/64"
      ],
      "truth_mass": [
        "37/1024",
        "55/1024",
        "41/256",
        "55/1024",
        "61/1024",
        "35/256",
        "41/256",
        "35/256",
        "13/64"
      ],
      "full_cell_mass": [
        "37/1024",
        "0",
        "55/1024",
        "0",
        "41/256",
        "0",
        "0",
        "0",
        "0",
        "0",
        "101/4096",
        "0",
        "119/4096",
        "0",
        "73/1024",
        "0",
        "0",
        "0",
        "0",
        "0",
        "119/4096",
        "0",
        "125/4096",
        "0",
        "67/1024",
        "0",
        "0",
        "0",
        "0",
        "0",
        "41/256",
        "0",
        "35/256",
        "0",
        "13/64"
      ]
    },
    {
      "lambda": "0",
      "true_q": [
        "5/8",
        "5/8",
        "3/4"
      ],
      "true_D": [
        "3/8",
        "3/8",
        "1/4"
      ],
      "true_S": [
        "9/16",
        "15/32",
        "1/4"
      ],
      "truth_mass": [
        "1/16",
        "1/16",
        "1/8",
        "1/16",
        "1/16",
        "1/8",
        "1/8",
        "1/8",
        "1/4"
      ],
      "full_cell_mass": [
        "1/16",
        "0",
        "1/16",
        "0",
        "1/8",
        "0",
        "0",
        "0",
        "0",
        "0",
        "1/32",
        "0",
        "1/32",
        "0",
        "1/16",
        "0",
        "0",
        "0",
        "0",
        "0",
        "1/32",
        "0",
        "1/32",
        "0",
        "1/16",
        "0",
        "0",
        "0",
        "0",
        "0",
        "1/8",
        "0",
        "1/8",
        "0",
        "1/4"
      ]
    },
    {
      "lambda": "3/4",
      "true_q": [
        "151/256",
        "151/256",
        "45/64"
      ],
      "true_D": [
        "105/256",
        "105/256",
        "19/64"
      ],
      "true_S": [
        "603/1024",
        "2055/4096",
        "19/64"
      ],
      "truth_mass": [
        "91/1024",
        "73/1024",
        "23/256",
        "73/1024",
        "67/1024",
        "29/256",
        "23/256",
        "29/256",
        "19/64"
      ],
      "full_cell_mass": [
        "91/1024",
        "0",
        "73/1024",
        "0",
        "23/256",
        "0",
        "0",
        "0",
        "0",
        "0",
        "155/4096",
        "0",
        "137/4096",
        "0",
        "55/1024",
        "0",
        "0",
        "0",
        "0",
        "0",
        "137/4096",
        "0",
        "131/4096",
        "0",
        "61/1024",
        "0",
        "0",
        "0",
        "0",
        "0",
        "23/256",
        "0",
        "29/256",
        "0",
        "19/64"
      ]
    }
  ],
  "summary": [
    {
      "lambda": "-3/4",
      "parent_n": 400,
      "trials": 20,
      "computed": 20,
      "parent_covered": 20,
      "parent_rejected": 0,
      "membership_undecided": 0,
      "EM_stopped": 20,
      "EM_outside_tail": 0,
      "mean_A": 49.9,
      "mean_B": 114.8,
      "mean_C": 116.75,
      "mean_D": 118.55,
      "mean_train_n": 138.85,
      "mean_validation_n": 142.6,
      "mean_EM_iterations": 39.95,
      "mean_observed_law_TV": 0.059385305448141856,
      "mean_reference_survival_RMSE": 0.07656439691138482,
      "mean_selected_oracle_RMSE": 0.2016660150667314,
      "mean_full_parent_empirical_RMSE": 0.017663480669338823,
      "mean_EM_invisible_mass": 0.11111111111111113,
      "mean_true_invisible_mass": 0.203125
    },
    {
      "lambda": "-3/4",
      "parent_n": 1600,
      "trials": 20,
      "computed": 20,
      "parent_covered": 20,
      "parent_rejected": 0,
      "membership_undecided": 0,
      "EM_stopped": 20,
      "EM_outside_tail": 0,
      "mean_A": 203.25,
      "mean_B": 469.3,
      "mean_C": 458.45,
      "mean_D": 469.0,
      "mean_train_n": 566.05,
      "mean_validation_n": 564.95,
      "mean_EM_iterations": 41.35,
      "mean_observed_law_TV": 0.029562129659363123,
      "mean_reference_survival_RMSE": 0.07352010042738283,
      "mean_selected_oracle_RMSE": 0.20196366668271032,
      "mean_full_parent_empirical_RMSE": 0.01079662756349738,
      "mean_EM_invisible_mass": 0.11111111111111116,
      "mean_true_invisible_mass": 0.203125
    },
    {
      "lambda": "0",
      "parent_n": 400,
      "trials": 20,
      "computed": 20,
      "parent_covered": 20,
      "parent_rejected": 0,
      "membership_undecided": 0,
      "EM_stopped": 20,
      "EM_outside_tail": 0,
      "mean_A": 69.05,
      "mean_B": 103.05,
      "mean_C": 98.7,
      "mean_D": 129.2,
      "mean_train_n": 134.1,
      "mean_validation_n": 136.7,
      "mean_EM_iterations": 39.4,
      "mean_observed_law_TV": 0.06348354618362587,
      "mean_reference_survival_RMSE": 0.11161604350348506,
      "mean_selected_oracle_RMSE": 0.23510588106427988,
      "mean_full_parent_empirical_RMSE": 0.02012370771556194,
      "mean_EM_invisible_mass": 0.11111111111111105,
      "mean_true_invisible_mass": 0.25
    },
    {
      "lambda": "0",
      "parent_n": 1600,
      "trials": 20,
      "computed": 20,
      "parent_covered": 20,
      "parent_rejected": 0,
      "membership_undecided": 0,
      "EM_stopped": 20,
      "EM_outside_tail": 0,
      "mean_A": 266.9,
      "mean_B": 399.55,
      "mean_C": 397.9,
      "mean_D": 535.65,
      "mean_train_n": 534.1,
      "mean_validation_n": 530.25,
      "mean_EM_iterations": 40.8,
      "mean_observed_law_TV": 0.03319893559488636,
      "mean_reference_survival_RMSE": 0.10853390086636158,
      "mean_selected_oracle_RMSE": 0.2324953658494465,
      "mean_full_parent_empirical_RMSE": 0.010528848766147807,
      "mean_EM_invisible_mass": 0.11111111111111112,
      "mean_true_invisible_mass": 0.25
    },
    {
      "lambda": "3/4",
      "parent_n": 400,
      "trials": 20,
      "computed": 20,
      "parent_covered": 20,
      "parent_rejected": 0,
      "membership_undecided": 0,
      "EM_stopped": 20,
      "EM_outside_tail": 0,
      "mean_A": 82.15,
      "mean_B": 83.85,
      "mean_C": 84.95,
      "mean_D": 149.05,
      "mean_train_n": 122.55,
      "mean_validation_n": 128.4,
      "mean_EM_iterations": 37.75,
      "mean_observed_law_TV": 0.0644850571172666,
      "mean_reference_survival_RMSE": 0.14821103355642806,
      "mean_selected_oracle_RMSE": 0.2731522882920164,
      "mean_full_parent_empirical_RMSE": 0.024858956180710372,
      "mean_EM_invisible_mass": 0.11111111111111108,
      "mean_true_invisible_mass": 0.296875
    },
    {
      "lambda": "3/4",
      "parent_n": 1600,
      "trials": 20,
      "computed": 20,
      "parent_covered": 20,
      "parent_rejected": 0,
      "membership_undecided": 0,
      "EM_stopped": 20,
      "EM_outside_tail": 0,
      "mean_A": 328.6,
      "mean_B": 334.25,
      "mean_C": 342.7,
      "mean_D": 594.45,
      "mean_train_n": 498.75,
      "mean_validation_n": 506.8,
      "mean_EM_iterations": 41.0,
      "mean_observed_law_TV": 0.027549407687559,
      "mean_reference_survival_RMSE": 0.1460636722377276,
      "mean_selected_oracle_RMSE": 0.268918448135865,
      "mean_full_parent_empirical_RMSE": 0.01023563392497319,
      "mean_EM_invisible_mass": 0.11111111111111109,
      "mean_true_invisible_mass": 0.296875
    }
  ],
  "no_hidden_truth_given_to_fit": true,
  "all_record_categories_retained": true,
  "new_point_global_certification": false,
  "new_sharp_projection_for_every_trial": false,
  "seconds": 2.661090453000014
}
